
Allocating common symbols
Common symbol       size              file

NetOurEther         0x6               net/libnet.o
gMiim_phyRevId      0x800             board/Realtek/rtl9300/librtl9300.o
NetState            0x4               net/libnet.o
patch_afe_conf_size
                    0x4               board/Realtek/rtl9300/librtl9300.o
gPhy8295rPI         0xb000            board/Realtek/rtl9300/librtl9300.o
rtk_hal_stack_ports
                    0x80              board/Realtek/rtl9300/librtl9300.o
patch_fwpr_conf_size
                    0x4               board/Realtek/rtl9300/librtl9300.o
NetServerEther      0x6               net/libnet.o
NetRxPacketLen      0x4               net/libnet.o
rtkDev              0x14              board/Realtek/rtl9300/librtl9300.o
NetArpWaitReplyIP   0x4               net/libnet.o
NetRxPacket         0x4               net/libnet.o
NetIPID             0x4               net/libnet.o
console_buffer      0x201             common/libcommon.o
NetArpWaitPacketIP  0x4               net/libnet.o
hal_ctrl            0x1340            board/Realtek/rtl9300/librtl9300.o
BootpTry            0x4               net/libnet.o
his_pad_char        0x1               common/libcommon.o
pTxPktHdr           0x4               board/Realtek/rtl9300/librtl9300.o
send_ptr            0x4               common/libcommon.o
pRxPktHdr           0x4               board/Realtek/rtl9300/librtl9300.o
hwp_unit_sem        0x4               board/Realtek/rtl9300/librtl9300.o
swDescpEmpty        0x668             board/Realtek/rtl9300/librtl9300.o
NetRxPackets        0x10              net/libnet.o
g_gpioDevConfig     0x14              board/Realtek/rtl9300/librtl9300.o
NetBootFileSize     0x2               net/libnet.o
NetArpWaitTxPacketSize
                    0x4               net/libnet.o
send_parms          0x14              common/libcommon.o
ioal_db             0x340             board/Realtek/rtl9300/librtl9300.o
NetArpWaitTry       0x4               net/libnet.o
save_addr           0x4               common/libcommon.o
g_extGPIODev_init   0x4               board/Realtek/rtl9300/librtl9300.o
NetOurGatewayIP     0x4               net/libnet.o
monitor_flash_len   0x4               arch/otto40/lib/libotto40.o
testLen             0x4               board/Realtek/rtl9300/librtl9300.o
NetArpWaitTimerStart
                    0x4               net/libnet.o
gcameoboardinfo     0x10              arch/otto40/lib/libotto40.o
pkt                 0x5fa             board/Realtek/rtl9300/librtl9300.o
save_size           0x4               common/libcommon.o
pkt_recv            0x5fa             board/Realtek/rtl9300/librtl9300.o
isFail              0x4               board/Realtek/rtl9300/librtl9300.o
NetRestartWrap      0x4               net/libnet.o
hwpEmpty            0x58              board/Realtek/rtl9300/librtl9300.o
PktBuf              0x1e20            net/libnet.o
his_eol             0x1               common/libcommon.o
patch_sds_conf_size
                    0x4               board/Realtek/rtl9300/librtl9300.o
pMgmt_node          0x40              board/Realtek/rtl9300/librtl9300.o
patch_top_conf_size
                    0x4               board/Realtek/rtl9300/librtl9300.o
scDescpEmpty        0x8               board/Realtek/rtl9300/librtl9300.o
patch_sds_conf      0x4               board/Realtek/rtl9300/librtl9300.o
BootFile            0x80              net/libnet.o
NetOurSubnetMask    0x4               net/libnet.o
unitInfoEmpty       0x830             board/Realtek/rtl9300/librtl9300.o
serdesDescpEmpty    0x2               board/Realtek/rtl9300/librtl9300.o
patch_fwpr_conf     0x4               board/Realtek/rtl9300/librtl9300.o
port_tapbin_field   0x1000            board/Realtek/rtl9300/librtl9300.o
NetArpWaitTxPacket  0x4               net/libnet.o
NetTxPacket         0x4               net/libnet.o
rcvLen              0x4               board/Realtek/rtl9300/librtl9300.o
parsedInfoEmpty     0x3134            board/Realtek/rtl9300/librtl9300.o
patch_afe_conf      0x4               board/Realtek/rtl9300/librtl9300.o
unitMapStruct       0x80              board/Realtek/rtl9300/librtl9300.o
force_link_up       0x100             board/Realtek/rtl9300/librtl9300.o
gI2C_dev            0x3400            board/Realtek/rtl9300/librtl9300.o
os_data_char        0x4               common/libcommon.o
his_pad_count       0x4               common/libcommon.o
portDescpEmpty      0x14              board/Realtek/rtl9300/librtl9300.o
NetPingIP           0x4               net/libnet.o
patch_top_conf      0x4               board/Realtek/rtl9300/librtl9300.o
hist_lines          0x2814            common/libcommon.o
patch_fwlm_conf_size
                    0x4               board/Realtek/rtl9300/librtl9300.o
patch_fwlm_conf     0x4               board/Realtek/rtl9300/librtl9300.o
NetOurIP            0x4               net/libnet.o
os_data_init        0x4               common/libcommon.o
___strtok           0x4               lib/libgeneric.o
[...]
Memory Configuration

Name             Origin             Length             Attributes
*default*        0x0000000000000000 0xffffffffffffffff

Linker script and memory map

                0x000000009f000000                _SRAM_START = (SRAM_START & 0xffffffff)
                0x000000009fc00000                _LMA_BASE = (LMA_BASE & 0xffffffff)
                0x000000009f000000                VMA_BASE = _SRAM_START

.exc_reset      0x000000009fc00000       0x10
 arch/otto40/cpu/mips34kc/libmips34kc.o(.exc_reset)
 .exc_reset     0x000000009fc00000       0x10 arch/otto40/cpu/mips34kc/libmips34kc.o
                0x000000009fc00000                plr_S_entry

.exc_data0      0x000000009fc00020       0x70
 arch/otto40/cpu/mips34kc/libmips34kc.o(.sdata.soc_stru)
 .sdata.soc_stru
                0x000000009fc00020       0x70 arch/otto40/cpu/mips34kc/libmips34kc.o
                0x000000009fc00020                _soc
                0x000000009fc00090                start_of_dram_probe_func = .
 arch/otto40/cpu/mips34kc/libmips34kc.o(.dram_probe_func)
                0x000000009fc00090                end_of_dram_probe_func = .

.exc_utlb
 arch/otto40/cpu/mips34kc/libmips34kc.o(.exc_utlb)

.exc_data1
 arch/otto40/cpu/mips34kc/libmips34kc.o(.exc_data1)

.exc_rest
 arch/otto40/cpu/mips34kc/libmips34kc.o(.exc_rest)
                0x000000009f0000a0                . = (VMA_BASE + (ALIGN (0x20) & 0xfffff))

.sram_text      0x000000009f000180      0x960 load address 0x000000009fc00180
 arch/otto40/cpu/mips34kc/libmips34kc.o(.sram_text)
 .sram_text     0x000000009f000180      0x8e0 arch/otto40/cpu/mips34kc/libmips34kc.o
                0x000000009f000180                fetch_and_lock_icache_range
                0x000000009f0001b0                fetch_and_lock_dcache_range
                0x000000009f0001e0                _change_cpu_sram_pll
                0x000000009f0002e0                invalidate_icache_all
                0x000000009f000310                writeback_invalidate_dcache_all
                0x000000009f000340                writeback_invalidate_dcache_range
                0x000000009f000370                invalidate_icache_range
                0x000000009f0003a0                cg_copy_info_to_sram
                0x000000009f0003d8                cg_cpu_sram_pll_init
                0x000000009f00042c                cg_lx_pll_init
                0x000000009f000480                cg_spif_pll_init
                0x000000009f000538                cg_config_apply
                0x000000009f000588                cg_udelay
                0x000000009f000590                cg_query_freq
                0x000000009f0005e8                otto_lx_timer_init
                0x000000009f000648                otto_lx_timer_udelay
                0x000000009f000684                otto_lx_timer_mdelay
                0x000000009f0006ec                otto_lx_timer_get_timer
                0x000000009f000730                set_spi_ctrl_divisor
                0x000000009f00074c                cg_guery_mem_freq
                0x000000009f000778                cg_mem_pll_init
                0x000000009f000874                cg_mem_pll_config_dqs_pi
                0x000000009f0008e4                cg_mem_pll_config_dq_pi
                0x000000009f000954                uart_getc
                0x000000009f00097c                uart_putc
                0x000000009f0009a4                uart_putcn
                0x000000009f0009d8                uart_tstc
                0x000000009f0009f8                uart_init
 arch/otto40/cpu/mips34kc/libmips34kc.o(.unswapable_text)
 .unswapable_text
                0x000000009f000a60       0x80 arch/otto40/cpu/mips34kc/libmips34kc.o
                0x000000009f000a60                plr_puts
 arch/otto40/cpu/mips34kc/libmips34kc.o(.recycle_area)

.data           0x000000009f000ae0       0xb4 load address 0x000000009fc00ae0
 arch/otto40/cpu/mips34kc/libmips34kc.o(.data)
 .data          0x000000009f000ae0       0x70 arch/otto40/cpu/mips34kc/libmips34kc.o
                0x000000009f000ae0                tkinfo
                0x000000009f000b00                ocd_odt_table
 arch/otto40/cpu/mips34kc/libmips34kc.o(.sdata)
 .sdata         0x000000009f000b50       0x28 arch/otto40/cpu/mips34kc/libmips34kc.o
                0x000000009f000b50                uart_baud_rate
                0x000000009f000b54                cg_info_query
                0x000000009f000b60                util_ms_accumulator
                0x000000009f000b64                otto_sc
 arch/otto40/cpu/mips34kc/libmips34kc.o(.recycle_data)
 .recycle_data  0x000000009f000b78       0x1c arch/otto40/cpu/mips34kc/libmips34kc.o
                0x000000009f000b94                end_of_sram = .
                0x000000009f000b94                . = ALIGN (0x4)
                0x000000009f000b94                start_of_bss = .

.sram_bss       0x000000009f000ba0        0x0 load address 0x000000009fc00ba0
 arch/otto40/cpu/mips34kc/libmips34kc.o(.bss)
 .bss           0x000000009f000ba0        0x0 arch/otto40/cpu/mips34kc/libmips34kc.o
 arch/otto40/cpu/mips34kc/libmips34kc.o(.sbss)
                0x000000009f000ba0                . = ALIGN (0x4)
                0x000000009f000ba0                end_of_bss = .
                0x000000009f000ba0                sp_bottom = .
                0x0000000000000ba0                physical_sram_size = (. - VMA_BASE)
                0x000000009fc00ba0                . = ALIGN ((LOADADDR (.data) + SIZEOF (.data)), 0x20)

.parameters     0x000000009fc00ba0        0xc
 arch/otto40/cpu/mips34kc/libmips34kc.o(.sdata.parameters)
 .parameters    0x000000009fc00ba0        0xc arch/otto40/cpu/mips34kc/libmips34kc.o
                0x000000009fc00ba0                cg_info_proj
                0x000000009fc00bac                flash_text_begin = .

.flash_text     0x000000009fc00bb0     0x3b90
 arch/otto40/cpu/mips34kc/libmips34kc.o(.text)
 .text          0x000000009fc00bb0     0x3a40 arch/otto40/cpu/mips34kc/libmips34kc.o
                0x000000009fc00be0                _cg_config_cpu
                0x000000009fc00d0c                _cg_config_lx
                0x000000009fc00e04                _cg_config_spif
                0x000000009fc00fac                cg_config_transform
                0x000000009fc01000                cg_init
                0x000000009fc013cc                proto_printf
                0x000000009fc01951                traversal_init_table
                0x000000009fc01970                chsp_jump
                0x000000009fc019a4                exit_preloader
                0x000000009fc01a70                get_spi_ctrl_divisor
                0x000000009fc01a80                get_default_spi_ctrl_divisor
                0x000000009fc01a90                puthex
                0x000000009fc01ab0                SetSWRCtrlReg
                0x000000009fc01ae4                SetSWR
                0x000000009fc01b50                voltage_setup
                0x000000009fc01ba4                spi_setup
                0x000000009fc01bd8                pll_setup
                0x000000009fc01c68                sys_get_dramtype_freq_strapping
                0x000000009fc01c9c                board_DRAM_freq_mhz
                0x000000009fc01cd8                board_LX_freq_mhz
                0x000000009fc01cfc                board_SPIF_freq_mhz
                0x000000009fc01d3c                get_memory_ddr3_dram_rtt_nom_parameters
                0x000000009fc01d4c                get_memory_ddr3_dram_rtt_wr_parameters
                0x000000009fc01d58                get_memory_dram_reduce_drv_parameters
                0x000000009fc01d68                _write_pattern_1
                0x000000009fc01dcc                _verify_pattern_1
                0x000000009fc01e5c                memctl_sync_write_buf
                0x000000009fc01e80                _memctl_decide_bus_width
                0x000000009fc01eec                memctlc_DDR_Type
                0x000000009fc01f30                swr_setup
                0x000000009fc01fb0                _DTR_DDR3_MRS_setting
                0x000000009fc021bc                sys_watchdog_enable
                0x000000009fc02200                sys_watchdog_disable
                0x000000009fc02214                _memctl_delay_clkm_cycles
                0x000000009fc02244                _DRAM_PLL_CLK_power_switch
                0x000000009fc02274                _periodic_DRAM_refresh
                0x000000009fc022c8                _check_DMCR_done_bit
                0x000000009fc02338                _memctl_update_phy_param
                0x000000009fc023bc                _memctl_set_phy_delay_all
                0x000000009fc023ec                _memctl_set_phy_delay_dqrf
                0x000000009fc024b4                DDR_Calibration_Full_Scan_Reduce
                0x000000009fc02ab8                DDR_Calibration
                0x000000009fc02b24                plat_memctl_ZQ_force_config
                0x000000009fc02b78                memctlc_ZQ_calibration
                0x000000009fc02d5c                mc_xlat_zprog_value
                0x000000009fc02df0                memctlc_config_DataFullMask
                0x000000009fc02e08                memctlc_config_DRAM_size
                0x000000009fc03018                memctlc_config_DDR3_DTR
                0x000000009fc03174                memctlc_config_DTR
                0x000000009fc034f4                memctlc_config_delay_line
                0x000000009fc038cc                CMU_setup
                0x000000009fc03b50                dram_ZQCS_ZQCL_enable
                0x000000009fc03bb8                memctlc_dram_phy_reset
                0x000000009fc03be0                memctlc_ddr3_dll_reset
                0x000000009fc03cc8                memctlc_lxbus_check
                0x000000009fc03d54                memctlc_init_dram
                0x000000009fc04160                dram_setup
                0x000000009fc041b0                DDR3_DTR
                0x000000009fc0421c                tRFC_Spec_DDR3
                0x000000009fc04230                _dram_detection_addr
                0x000000009fc042a8                _dram_type_setting
                0x000000009fc04320                _dram_MCR_setting
                0x000000009fc04398                pat_ary
                0x000000009fc04418                dramtype_freq_25oc
                0x000000009fc044a0                _cg_config_mem
                0x000000009fc045c0                osc_init
 arch/otto40/cpu/mips34kc/libmips34kc.o(.text.*)
 arch/otto40/cpu/mips34kc/libmips34kc.o(.flash_text)
 .flash_text    0x000000009fc045f0      0x150 arch/otto40/cpu/mips34kc/libmips34kc.o
                0x000000009fc04740                flash_text_end = .
                0x000000009fc04740                . = ALIGN (0x4)

.isr_entry_text
                0x000000009fc04740       0x10
 arch/otto40/cpu/mips34kc/libmips34kc.o(.isr_entry_text)
 .isr_entry_text
                0x000000009fc04740       0x10 arch/otto40/cpu/mips34kc/libmips34kc.o
                0x000000009fc04750                . = ALIGN (0x4)

.recycle_text   0x000000009fc04750      0x138
 arch/otto40/cpu/mips34kc/libmips34kc.o(.recycle_text)
 .recycle_text  0x000000009fc04750      0x138 arch/otto40/cpu/mips34kc/libmips34kc.o
                0x000000009fc04750                plr_init_utility

.nor_only_area  0x000000009fc04890      0x740
 arch/otto40/cpu/mips34kc/libmips34kc.o(.ro)
 .ro            0x000000009fc04890       0x24 arch/otto40/cpu/mips34kc/libmips34kc.o
                0x000000009fc04890                sclk_divisor
 arch/otto40/cpu/mips34kc/libmips34kc.o(.rodata)
 *fill*         0x000000009fc048b4        0xc 
 .rodata        0x000000009fc048c0      0x140 arch/otto40/cpu/mips34kc/libmips34kc.o
 arch/otto40/cpu/mips34kc/libmips34kc.o(.rodata.str1.4)
 .rodata.str1.4
                0x000000009fc04a00      0x5a8 arch/otto40/cpu/mips34kc/libmips34kc.o
                                        0x5b4 (size before relaxing)
                0x000000009fc04fa8                . = ALIGN (0x4)
                0x000000009fc04fa8                start_of_init_func_table = .
 arch/otto40/cpu/mips34kc/libmips34kc.o(.init_func_level.0)
 arch/otto40/cpu/mips34kc/libmips34kc.o(.init_func_level.1)
 .init_func_level.1
                0x000000009fc04fa8        0x8 arch/otto40/cpu/mips34kc/libmips34kc.o
                0x000000009fc04fa8                __init_func_plr_init_utility
 arch/otto40/cpu/mips34kc/libmips34kc.o(.init_func_level.2)
 arch/otto40/cpu/mips34kc/libmips34kc.o(.init_func_level.3)
 arch/otto40/cpu/mips34kc/libmips34kc.o(.init_func_level.4)
 arch/otto40/cpu/mips34kc/libmips34kc.o(.init_func_level.5)
 arch/otto40/cpu/mips34kc/libmips34kc.o(.init_func_level.6)
 arch/otto40/cpu/mips34kc/libmips34kc.o(.init_func_level.7)
 arch/otto40/cpu/mips34kc/libmips34kc.o(.init_func_level.8)
 arch/otto40/cpu/mips34kc/libmips34kc.o(.init_func_level.9)
 arch/otto40/cpu/mips34kc/libmips34kc.o(.init_func_level.10)
 arch/otto40/cpu/mips34kc/libmips34kc.o(.init_func_level.11)
 .init_func_level.11
                0x000000009fc04fb0        0x8 arch/otto40/cpu/mips34kc/libmips34kc.o
                0x000000009fc04fb0                __init_func_cg_copy_info_to_sram
 arch/otto40/cpu/mips34kc/libmips34kc.o(.init_func_level.12)
 arch/otto40/cpu/mips34kc/libmips34kc.o(.init_func_level.13)
 .init_func_level.13
                0x000000009fc04fb8        0x8 arch/otto40/cpu/mips34kc/libmips34kc.o
                0x000000009fc04fb8                __init_func_cg_init
 arch/otto40/cpu/mips34kc/libmips34kc.o(.init_func_level.14)
 arch/otto40/cpu/mips34kc/libmips34kc.o(.init_func_level.15)
 arch/otto40/cpu/mips34kc/libmips34kc.o(.init_func_level.16)
 arch/otto40/cpu/mips34kc/libmips34kc.o(.init_func_level.17)
 arch/otto40/cpu/mips34kc/libmips34kc.o(.init_func_level.18)
 arch/otto40/cpu/mips34kc/libmips34kc.o(.init_func_level.19)
 arch/otto40/cpu/mips34kc/libmips34kc.o(.init_func_level.20)
 arch/otto40/cpu/mips34kc/libmips34kc.o(.init_func_level.21)
 arch/otto40/cpu/mips34kc/libmips34kc.o(.init_func_level.22)
 arch/otto40/cpu/mips34kc/libmips34kc.o(.init_func_level.23)
 arch/otto40/cpu/mips34kc/libmips34kc.o(.init_func_level.24)
 arch/otto40/cpu/mips34kc/libmips34kc.o(.init_func_level.25)
 arch/otto40/cpu/mips34kc/libmips34kc.o(.init_func_level.26)
 arch/otto40/cpu/mips34kc/libmips34kc.o(.init_func_level.27)
 arch/otto40/cpu/mips34kc/libmips34kc.o(.init_func_level.28)
 arch/otto40/cpu/mips34kc/libmips34kc.o(.init_func_level.29)
 arch/otto40/cpu/mips34kc/libmips34kc.o(.init_func_level.30)
 .init_func_level.30
                0x000000009fc04fc0        0x8 arch/otto40/cpu/mips34kc/libmips34kc.o
                0x000000009fc04fc0                __init_func_dram_setup
 arch/otto40/cpu/mips34kc/libmips34kc.o(.init_func_level.31)
 arch/otto40/cpu/mips34kc/libmips34kc.o(.init_func_level.32)
 .init_func_level.32
                0x000000009fc04fc8        0x8 arch/otto40/cpu/mips34kc/libmips34kc.o
                0x000000009fc04fc8                __init_func_exit_preloader
 arch/otto40/cpu/mips34kc/libmips34kc.o(.init_func_level.33)
 arch/otto40/cpu/mips34kc/libmips34kc.o(.init_func_level.34)
 arch/otto40/cpu/mips34kc/libmips34kc.o(.init_func_level.35)
 arch/otto40/cpu/mips34kc/libmips34kc.o(.init_func_level.36)
 arch/otto40/cpu/mips34kc/libmips34kc.o(.init_func_level.37)
 arch/otto40/cpu/mips34kc/libmips34kc.o(.init_func_level.38)
 arch/otto40/cpu/mips34kc/libmips34kc.o(.init_func_level.99)
                0x000000009fc04fd0                end_of_init_func_table = .
 arch/otto40/cpu/mips34kc/libmips34kc.o(.init_func_level.ending_symb)
                0x000000009fc04fd0                flash_data_begin = .
 arch/otto40/cpu/mips34kc/libmips34kc.o(.flash_data)
                0x000000009fc04fd0                flash_data_end = .
                0x000000009fc04fd0                . = ALIGN (0x10)
                0x000000009fc04fd0                . = ALIGN (0x10)

.cli_tables     0x000000009fc04fd0        0x0
                0x000000009fc04fd0                start_of_cli_node = .
 arch/otto40/cpu/mips34kc/libmips34kc.o(.cli_node)
                0x000000009fc04fd0                end_of_cli_node = .
                0x000000009fc04fd0                start_of_cli_mp_node = .
 arch/otto40/cpu/mips34kc/libmips34kc.o(.cli_mp_node)
                0x000000009fc04fd0                end_of_cli_mp_node = .
                0x000000009fc04fd0                start_of_cli_tail = .
 arch/otto40/cpu/mips34kc/libmips34kc.o(.cli_tail)
                0x000000009fc04fd0                end_of_cli_tail = .
                0x000000009fc04fd0                start_of_cli_help = .
 arch/otto40/cpu/mips34kc/libmips34kc.o(.cli_help)
                0x000000009fc04fd0                end_of_cli_help = .
                0x000000009fc04fd0                . = ALIGN (0x10)

.symbol_table   0x000000009fc04fd0       0x38
                0x000000009fc04fd0                start_of_symble_table = .
 arch/otto40/cpu/mips34kc/libmips34kc.o(.symbol_table)
 .symbol_table  0x000000009fc04fd0       0x38 arch/otto40/cpu/mips34kc/libmips34kc.o
                0x000000009fc04fd0                __ste_p_cg_info_dev_freq_62
                0x000000009fc04fd8                __ste_f_otto_lx_timer_get_timer_61
                0x000000009fc04fe0                __ste_f_otto_lx_timer_udelay_60
                0x000000009fc04fe8                __ste_p_cg_info_dev_freq_336
                0x000000009fc04ff0                __ste_p_toolkit_info_15
                0x000000009fc04ff8                __ste_p_build_date_11
                0x000000009fc05000                __ste_p_build_version_7
                0x000000009fc05008                end_of_symble_table = .
 arch/otto40/cpu/mips34kc/libmips34kc.o(.symbol_table.ending_symb)
                0x000000009fc05010                . = ALIGN (0x10)

.mc_var         0x000000009fc05010        0x0
                0x000000009fc05010                mc_var_begin = .
 arch/otto40/cpu/mips34kc/libmips34kc.o(.mc_var)
                0x000000009fc05010                mc_var_end = .

.reginfo        0x000000009fc05010       0x18
 arch/otto40/cpu/mips34kc/libmips34kc.o(.reginfo)
 .reginfo       0x000000009fc05010       0x18 arch/otto40/cpu/mips34kc/libmips34kc.o
                0x000000009fc05030                . = ALIGN (0x10)
                0x000000009fc05030                start_of_next_env = .

.next_env       0x000000009fc05030        0x0
 arch/otto40/cpu/mips34kc/libmips34kc.o(.next_env)
                0x000000009fc05030                end_of_next_env = .

.dram           0x0000000083f00000    0xbedd8 load address 0x000000009fc05030
 *(EXCLUDE_FILE(arch/otto40/cpu/mips34kc/libmips34kc.o) .text*)
 .text.__board_early_init_f
                0x0000000083f00000        0x8 arch/otto40/lib/libotto40.o
                0x0000000083f00000                __board_early_init_f
                0x0000000083f00000                board_early_init_f
 .text.swp_pci  0x0000000083f00008        0x8 arch/otto40/lib/libotto40.o
                0x0000000083f00008                swp_pci
 .text.swp_spi  0x0000000083f00010        0x8 arch/otto40/lib/libotto40.o
                0x0000000083f00010                swp_spi
 .text.display_banner
                0x0000000083f00018       0x24 arch/otto40/lib/libotto40.o
 .text.swp_flash_init
                0x0000000083f0003c       0x34 arch/otto40/lib/libotto40.o
                0x0000000083f0003c                swp_flash_init
 .text.swp_uart
                0x0000000083f00070       0x48 arch/otto40/lib/libotto40.o
                0x0000000083f00070                swp_uart
 .text.swp_studio
                0x0000000083f000b8       0x1c arch/otto40/lib/libotto40.o
                0x0000000083f000b8                swp_studio
 .text.swp_console_r
                0x0000000083f000d4        0x8 arch/otto40/lib/libotto40.o
                0x0000000083f000d4                swp_console_r
 .text.swp_env_set
                0x0000000083f000dc       0x68 arch/otto40/lib/libotto40.o
                0x0000000083f000dc                swp_env_set
 .text.swp_misc
                0x0000000083f00144        0x8 arch/otto40/lib/libotto40.o
                0x0000000083f00144                swp_misc
 .text.swp_post
                0x0000000083f0014c       0x7c arch/otto40/lib/libotto40.o
                0x0000000083f0014c                swp_post
 .text.swp_eth  0x0000000083f001c8        0xc arch/otto40/lib/libotto40.o
                0x0000000083f001c8                swp_eth
 .text.init_func_ram
                0x0000000083f001d4       0x48 arch/otto40/lib/libotto40.o
 .text.swp_env  0x0000000083f0021c       0x40 arch/otto40/lib/libotto40.o
                0x0000000083f0021c                swp_env
 .text.board_init_r
                0x0000000083f0025c       0x90 arch/otto40/lib/libotto40.o
                0x0000000083f0025c                board_init_r
 .text.hang     0x0000000083f002ec       0x1c arch/otto40/lib/libotto40.o
                0x0000000083f002ec                hang
 .text.board_init_f
                0x0000000083f00308      0x104 arch/otto40/lib/libotto40.o
                0x0000000083f00308                board_init_f
 .text.linux_env_set
                0x0000000083f0040c       0xec arch/otto40/lib/libotto40.o
 .text.do_bootm_linux
                0x0000000083f004f8      0x320 arch/otto40/lib/libotto40.o
                0x0000000083f004f8                do_bootm_linux
 .text.__ashldi3
                0x0000000083f00818       0x40 arch/otto40/lib/libotto40.o
                0x0000000083f00818                __ashldi3
 .text.__lshrdi3
                0x0000000083f00858       0x40 arch/otto40/lib/libotto40.o
                0x0000000083f00858                __lshrdi3
 .text.__serial_putc
                0x0000000083f00898       0x40 arch/otto40/lib/libotto40.o
                0x0000000083f00898                __serial_putc
 .text.__serial_getc
                0x0000000083f008d8       0x40 arch/otto40/lib/libotto40.o
                0x0000000083f008d8                __serial_getc
 .text.serial_putc
                0x0000000083f00918       0x40 arch/otto40/lib/libotto40.o
                0x0000000083f00918                serial_putc
 .text.serial_puts
                0x0000000083f00958       0x38 arch/otto40/lib/libotto40.o
                0x0000000083f00958                serial_puts
 .text.serial_getc
                0x0000000083f00990        0xc arch/otto40/lib/libotto40.o
                0x0000000083f00990                serial_getc
 .text.serial_tstc
                0x0000000083f0099c       0x20 arch/otto40/lib/libotto40.o
                0x0000000083f0099c                serial_tstc
 .text.serial_setbrg
                0x0000000083f009bc       0xd8 arch/otto40/lib/libotto40.o
                0x0000000083f009bc                serial_setbrg
 .text.serial_init
                0x0000000083f00a94       0x34 arch/otto40/lib/libotto40.o
                0x0000000083f00a94                serial_init
 .text._otto_lx_timer_init
                0x0000000083f00ac8       0x60 arch/otto40/lib/libotto40.o
                0x0000000083f00ac8                _otto_lx_timer_init
 .text.__udelay
                0x0000000083f00b28       0x3c arch/otto40/lib/libotto40.o
                0x0000000083f00b28                __udelay
 .text.do_sleep
                0x0000000083f00b64       0x68 arch/otto40/lib/libotto40.o
                0x0000000083f00b64                do_sleep
 .text._otto_lx_timer_get_timer
                0x0000000083f00bcc       0x44 arch/otto40/lib/libotto40.o
                0x0000000083f00bcc                _otto_lx_timer_get_timer
 .text.timer_init
                0x0000000083f00c10       0x48 arch/otto40/lib/libotto40.o
                0x0000000083f00c10                timer_init
 .text.get_timer
                0x0000000083f00c58       0x10 arch/otto40/lib/libotto40.o
                0x0000000083f00c58                get_timer
 .text.otto_cg_query_freq
                0x0000000083f00c68       0x54 arch/otto40/lib/libotto40.o
                0x0000000083f00c68                otto_cg_query_freq
 .text.do_reset
                0x0000000083f00cbc       0x3c arch/otto40/lib/libotto40.o
                0x0000000083f00cbc                do_reset
 .text.flush_cache
                0x0000000083f00cf8       0x10 arch/otto40/lib/libotto40.o
                0x0000000083f00cf8                flush_cache
 .text.enable_interrupts
                0x0000000083f00d08        0x8 arch/otto40/lib/libotto40.o
                0x0000000083f00d08                enable_interrupts
 .text.disable_interrupts
                0x0000000083f00d10        0x8 arch/otto40/lib/libotto40.o
                0x0000000083f00d10                disable_interrupts
 .text.otto_spi_flash_read
                0x0000000083f00d18       0x24 arch/otto40/lib/libotto40.o
                0x0000000083f00d18                otto_spi_flash_read
 .text.otto_spi_flash_erase
                0x0000000083f00d3c       0x30 arch/otto40/lib/libotto40.o
                0x0000000083f00d3c                otto_spi_flash_erase
 .text.otto_spi_flash_write
                0x0000000083f00d6c       0xa4 arch/otto40/lib/libotto40.o
                0x0000000083f00d6c                otto_spi_flash_write
 .text.spi_flash_init
                0x0000000083f00e10       0x7c arch/otto40/lib/libotto40.o
                0x0000000083f00e10                spi_flash_init
 .text.spi_flash_probe
                0x0000000083f00e8c       0x38 arch/otto40/lib/libotto40.o
                0x0000000083f00e8c                spi_flash_probe
 .text.spi_flash_free
                0x0000000083f00ec4        0x8 arch/otto40/lib/libotto40.o
                0x0000000083f00ec4                spi_flash_free
 .text.sdk_spi_flash_chip_num
                0x0000000083f00ecc        0xc arch/otto40/lib/libotto40.o
                0x0000000083f00ecc                sdk_spi_flash_chip_num
 .text.sdk_spi_flash_chip_size
                0x0000000083f00ed8       0x24 arch/otto40/lib/libotto40.o
                0x0000000083f00ed8                sdk_spi_flash_chip_size
 *fill*         0x0000000083f00efc        0x4 
 .text.cacheline_alignment
                0x0000000083f00f00      0x660 arch/otto40/lib/libotto40.o
                0x0000000083f00f00                norsf_proj_4b_addr_en
                0x0000000083f013c0                norsf_compound_cmd
                0x0000000083f014c0                norsf_cmn_arch_wip
                0x0000000083f01520                norsf_cmn_4b_mode_ex
 .text.norsf_addr_on_flash
                0x0000000083f01560       0x3c arch/otto40/lib/libotto40.o
 .text.norsf_addr_range_restore
                0x0000000083f0159c       0xac arch/otto40/lib/libotto40.o
 .text.norsf_t4_epilogue
                0x0000000083f01648      0x120 arch/otto40/lib/libotto40.o
 .text.norsf_addr_range_enable
                0x0000000083f01768       0xd0 arch/otto40/lib/libotto40.o
 .text.norsf_cmn_arch_erase
                0x0000000083f01838       0x40 arch/otto40/lib/libotto40.o
                0x0000000083f01838                norsf_cmn_arch_erase
 .text.norsf_cmn_arch_prog
                0x0000000083f01878       0x4c arch/otto40/lib/libotto40.o
                0x0000000083f01878                norsf_cmn_arch_prog
 .text.norsf_cmn_arch_read
                0x0000000083f018c4       0x4c arch/otto40/lib/libotto40.o
                0x0000000083f018c4                norsf_cmn_arch_read
 .text.norsf_cmn_4b_mode_en
                0x0000000083f01910       0x34 arch/otto40/lib/libotto40.o
                0x0000000083f01910                norsf_cmn_4b_mode_en
 .text.norsf_rdid
                0x0000000083f01944       0x60 arch/otto40/lib/libotto40.o
                0x0000000083f01944                norsf_rdid
 .text.norsf_configure_mmio_read
                0x0000000083f019a4       0xe0 arch/otto40/lib/libotto40.o
                0x0000000083f019a4                norsf_configure_mmio_read
 .text.norsf_detect
                0x0000000083f01a84      0x1d0 arch/otto40/lib/libotto40.o
                0x0000000083f01a84                norsf_detect
 .text.norsf_erase
                0x0000000083f01c54      0x274 arch/otto40/lib/libotto40.o
                0x0000000083f01c54                norsf_erase
 .text.norsf_prog
                0x0000000083f01ec8      0x348 arch/otto40/lib/libotto40.o
                0x0000000083f01ec8                norsf_prog
 .text.norsf_read
                0x0000000083f02210      0x1e8 arch/otto40/lib/libotto40.o
                0x0000000083f02210                norsf_read
 .text.norsf_mxic_probe
                0x0000000083f023f8       0x48 arch/otto40/lib/libotto40.o
                0x0000000083f023f8                norsf_mxic_probe
 .text.norsf_spansion_probe
                0x0000000083f02440       0x60 arch/otto40/lib/libotto40.o
                0x0000000083f02440                norsf_spansion_probe
 .text.norsf_winbond_probe
                0x0000000083f024a0       0x48 arch/otto40/lib/libotto40.o
                0x0000000083f024a0                norsf_winbond_probe
 .text.norsf_gd_probe
                0x0000000083f024e8       0x68 arch/otto40/lib/libotto40.o
                0x0000000083f024e8                norsf_gd_probe
 .text.norsf_micron_probe
                0x0000000083f02550       0x68 arch/otto40/lib/libotto40.o
                0x0000000083f02550                norsf_micron_probe
 .text.do_go_exec
                0x0000000083f025b8       0x14 common/libcommon.o
                0x0000000083f025b8                do_go_exec
 .text.do_go    0x0000000083f025cc       0xa0 common/libcommon.o
                0x0000000083f025cc                do_go
 .text.image_info
                0x0000000083f0266c       0xd4 common/libcommon.o
 .text.do_bootm_rtems
                0x0000000083f02740       0x60 common/libcommon.o
 .text.do_bootm_netbsd
                0x0000000083f027a0      0x194 common/libcommon.o
 .text.do_iminfo
                0x0000000083f02934       0xb0 common/libcommon.o
                0x0000000083f02934                do_iminfo
 .text.bootm_load_os.isra.13
                0x0000000083f029e4      0x220 common/libcommon.o
 .text.cameo_do_img_chksum.isra.15
                0x0000000083f02c04      0x178 common/libcommon.o
 .text.do_bootf
                0x0000000083f02d7c      0x420 common/libcommon.o
                0x0000000083f02d7c                do_bootf
 .text.bootm_start.isra.11
                0x0000000083f0319c      0x354 common/libcommon.o
 .text.__arch_preboot_os
                0x0000000083f034f0        0x8 common/libcommon.o
                0x0000000083f034f0                arch_preboot_os
                0x0000000083f034f0                __arch_preboot_os
 .text.do_bootm_subcommand
                0x0000000083f034f8      0x1f8 common/libcommon.o
                0x0000000083f034f8                do_bootm_subcommand
 .text.do_bootm
                0x0000000083f036f0      0x2e8 common/libcommon.o
                0x0000000083f036f0                do_bootm
 .text.bootm_maybe_autostart
                0x0000000083f039d8       0x8c common/libcommon.o
                0x0000000083f039d8                bootm_maybe_autostart
 .text.do_flinfo
                0x0000000083f03a64        0x8 common/libcommon.o
                0x0000000083f03a64                do_flinfo
 .text.do_flerase
                0x0000000083f03a6c        0x8 common/libcommon.o
                0x0000000083f03a6c                do_flerase
 .text.do_protect
                0x0000000083f03a74       0x1c common/libcommon.o
                0x0000000083f03a74                do_protect
 .text.do_help  0x0000000083f03a90       0x54 common/libcommon.o
                0x0000000083f03a90                do_help
 .text.bin_data_init
                0x0000000083f03ae4       0x1c common/libcommon.o
 .text.getcxmodem
                0x0000000083f03b00       0x2c common/libcommon.o
 .text.load_serial_ymodem
                0x0000000083f03b2c      0x100 common/libcommon.o
 .text.bin_data_char
                0x0000000083f03c2c       0x2c common/libcommon.o
 .text.load_serial
                0x0000000083f03c58      0x244 common/libcommon.o
 .text.do_load_serial
                0x0000000083f03e9c      0x104 common/libcommon.o
                0x0000000083f03e9c                do_load_serial
 .text.send_pad
                0x0000000083f03fa0       0x48 common/libcommon.o
                0x0000000083f03fa0                send_pad
 .text.ktrans   0x0000000083f03fe8       0x34 common/libcommon.o
                0x0000000083f03fe8                ktrans
 .text.chk1     0x0000000083f0401c       0x28 common/libcommon.o
                0x0000000083f0401c                chk1
 .text.s1_sendpacket
                0x0000000083f04044       0x3c common/libcommon.o
                0x0000000083f04044                s1_sendpacket
 .text.send_ack
                0x0000000083f04080       0x70 common/libcommon.o
                0x0000000083f04080                send_ack
 .text.send_nack
                0x0000000083f040f0       0x70 common/libcommon.o
                0x0000000083f040f0                send_nack
 .text.k_data_init
                0x0000000083f04160       0x18 common/libcommon.o
                0x0000000083f04160                k_data_init
 .text.k_data_save
                0x0000000083f04178       0x34 common/libcommon.o
                0x0000000083f04178                k_data_save
 .text.k_data_restore
                0x0000000083f041ac       0x34 common/libcommon.o
                0x0000000083f041ac                k_data_restore
 .text.k_data_char
                0x0000000083f041e0       0x84 common/libcommon.o
                0x0000000083f041e0                k_data_char
 .text.handle_send_packet
                0x0000000083f04264      0x238 common/libcommon.o
                0x0000000083f04264                handle_send_packet
 .text.do_load_serial_bin
                0x0000000083f0449c      0x55c common/libcommon.o
                0x0000000083f0449c                do_load_serial_bin
 .text.do_mem_loop
                0x0000000083f049f8      0x12c common/libcommon.o
                0x0000000083f049f8                do_mem_loop
 .text.do_mem_md
                0x0000000083f04b24      0x150 common/libcommon.o
                0x0000000083f04b24                do_mem_md
 .text.do_mem_base
                0x0000000083f04c74       0x50 common/libcommon.o
                0x0000000083f04c74                do_mem_base
 .text.do_mem_mtest
                0x0000000083f04cc4      0x200 common/libcommon.o
                0x0000000083f04cc4                do_mem_mtest
 .text.do_mem_mw
                0x0000000083f04ec4      0x114 common/libcommon.o
                0x0000000083f04ec4                do_mem_mw
 .text.do_mem_cmp
                0x0000000083f04fd8      0x1c4 common/libcommon.o
                0x0000000083f04fd8                do_mem_cmp
 .text.mod_mem.part.2
                0x0000000083f0519c      0x1c4 common/libcommon.o
 .text.do_mem_mm
                0x0000000083f05360       0x20 common/libcommon.o
                0x0000000083f05360                do_mem_mm
 .text.do_mem_cp
                0x0000000083f05380      0x11c common/libcommon.o
                0x0000000083f05380                do_mem_cp
 .text.do_mem_crc
                0x0000000083f0549c       0xf4 common/libcommon.o
                0x0000000083f0549c                do_mem_crc
 .text.do_mem_nm
                0x0000000083f05590       0x20 common/libcommon.o
                0x0000000083f05590                do_mem_nm
 .text.netboot_common
                0x0000000083f055b0      0x2cc common/libcommon.o
 .text.do_bootp
                0x0000000083f0587c       0x10 common/libcommon.o
                0x0000000083f0587c                do_bootp
 .text.do_tftpb
                0x0000000083f0588c       0x10 common/libcommon.o
                0x0000000083f0588c                do_tftpb
 .text.do_ping  0x0000000083f0589c       0xa4 common/libcommon.o
                0x0000000083f0589c                do_ping
 .text.do_env_delete
                0x0000000083f05940       0x24 common/libcommon.o
 .text.env_print
                0x0000000083f05964       0xc4 common/libcommon.o
 .text.do_env_save
                0x0000000083f05a28       0x34 common/libcommon.o
                0x0000000083f05a28                do_env_save
 .text.do_env_save2
                0x0000000083f05a5c       0x34 common/libcommon.o
                0x0000000083f05a5c                do_env_save2
 .text.do_env   0x0000000083f05a90       0x9c common/libcommon.o
 .text.do_env_import
                0x0000000083f05b2c      0x298 common/libcommon.o
 .text.do_env_default
                0x0000000083f05dc4       0x64 common/libcommon.o
 .text.do_env_print
                0x0000000083f05e28       0xcc common/libcommon.o
                0x0000000083f05e28                do_env_print
 .text.do_env_print2
                0x0000000083f05ef4       0xcc common/libcommon.o
                0x0000000083f05ef4                do_env_print2
 .text.get_env_id
                0x0000000083f05fc0        0xc common/libcommon.o
                0x0000000083f05fc0                get_env_id
 .text._do_env_set
                0x0000000083f05fcc      0x430 common/libcommon.o
                0x0000000083f05fcc                _do_env_set
 .text.do_env_set
                0x0000000083f063fc       0x30 common/libcommon.o
                0x0000000083f063fc                do_env_set
 .text.do_env_set2
                0x0000000083f0642c       0x34 common/libcommon.o
                0x0000000083f0642c                do_env_set2
 .text.setenv   0x0000000083f06460       0x54 common/libcommon.o
                0x0000000083f06460                setenv
 .text.do_env_export
                0x0000000083f064b4      0x308 common/libcommon.o
 .text.setenv_ulong
                0x0000000083f067bc       0x30 common/libcommon.o
                0x0000000083f067bc                setenv_ulong
 .text.getenv2  0x0000000083f067ec       0x70 common/libcommon.o
                0x0000000083f067ec                getenv2
 .text.envmatch
                0x0000000083f0685c       0x98 common/libcommon.o
                0x0000000083f0685c                envmatch
 .text.getenv_f
                0x0000000083f068f4      0x104 common/libcommon.o
                0x0000000083f068f4                getenv_f
 .text.getenv   0x0000000083f069f8       0x7c common/libcommon.o
                0x0000000083f069f8                getenv
 .text.getenv_ulong
                0x0000000083f06a74       0x58 common/libcommon.o
                0x0000000083f06a74                getenv_ulong
 .text.do_spi_flash
                0x0000000083f06acc      0x5ac common/libcommon.o
 .text.do_version
                0x0000000083f07078       0x44 common/libcommon.o
                0x0000000083f07078                do_version
 .text.find_cmd_tbl
                0x0000000083f070bc       0xdc common/libcommon.o
                0x0000000083f070bc                find_cmd_tbl
 .text.find_cmd
                0x0000000083f07198       0x2c common/libcommon.o
                0x0000000083f07198                find_cmd
 .text.cmd_usage
                0x0000000083f071c4       0x78 common/libcommon.o
                0x0000000083f071c4                cmd_usage
 .text._do_help
                0x0000000083f0723c      0x1e0 common/libcommon.o
                0x0000000083f0723c                _do_help
 .text.cmd_get_data_size
                0x0000000083f0741c       0x7c common/libcommon.o
                0x0000000083f0741c                cmd_get_data_size
 .text.console_setfile
                0x0000000083f07498       0xd0 common/libcommon.o
 .text.fputs    0x0000000083f07568       0x38 common/libcommon.o
                0x0000000083f07568                fputs
 .text.fprintf  0x0000000083f075a0       0x4c common/libcommon.o
                0x0000000083f075a0                fprintf
 .text.getc     0x0000000083f075ec       0x40 common/libcommon.o
                0x0000000083f075ec                getc
 .text.tstc     0x0000000083f0762c       0x40 common/libcommon.o
                0x0000000083f0762c                tstc
 .text.putc     0x0000000083f0766c       0x54 common/libcommon.o
                0x0000000083f0766c                putc
 .text.puts     0x0000000083f076c0       0x6c common/libcommon.o
                0x0000000083f076c0                puts
 .text.printf   0x0000000083f0772c       0x44 common/libcommon.o
                0x0000000083f0772c                printf
 .text.vprintf  0x0000000083f07770       0x38 common/libcommon.o
                0x0000000083f07770                vprintf
 .text.ctrlc    0x0000000083f077a8       0x6c common/libcommon.o
                0x0000000083f077a8                ctrlc
 .text.had_ctrlc
                0x0000000083f07814        0xc common/libcommon.o
                0x0000000083f07814                had_ctrlc
 .text.clear_ctrlc
                0x0000000083f07820        0xc common/libcommon.o
                0x0000000083f07820                clear_ctrlc
 .text.search_device
                0x0000000083f0782c       0x3c common/libcommon.o
                0x0000000083f0782c                search_device
 .text.console_assign
                0x0000000083f07868       0x68 common/libcommon.o
                0x0000000083f07868                console_assign
 .text.console_init_f
                0x0000000083f078d0       0x78 common/libcommon.o
                0x0000000083f078d0                console_init_f
 .text.console_init_r
                0x0000000083f07948      0x118 common/libcommon.o
                0x0000000083f07948                console_init_r
 .text.env_get_addr
                0x0000000083f07a60       0x28 common/libcommon.o
                0x0000000083f07a60                env_get_addr
 .text.env_get_char_memory
                0x0000000083f07a88       0x20 common/libcommon.o
                0x0000000083f07a88                env_get_char_memory
 .text.env_get_char
                0x0000000083f07aa8       0x3c common/libcommon.o
                0x0000000083f07aa8                env_get_char
 .text.set_default_env
                0x0000000083f07ae4      0x158 common/libcommon.o
                0x0000000083f07ae4                set_default_env
 .text.set_default_env2
                0x0000000083f07c3c      0x158 common/libcommon.o
                0x0000000083f07c3c                set_default_env2
 .text.env_import
                0x0000000083f07d94      0x17c common/libcommon.o
                0x0000000083f07d94                env_import
 .text.cameo_get_board_info
                0x0000000083f07f10      0x154 common/libcommon.o
                0x0000000083f07f10                cameo_get_board_info
 .text.env_relocate
                0x0000000083f08064       0x84 common/libcommon.o
                0x0000000083f08064                env_relocate
 .text.cameo_get_board_modulename
                0x0000000083f080e8        0xc common/libcommon.o
                0x0000000083f080e8                cameo_get_board_modulename
 .text.env_get_char_spec
                0x0000000083f080f4       0x10 common/libcommon.o
                0x0000000083f080f4                env_get_char_spec
 .text.saveenv  0x0000000083f08104      0x1ac common/libcommon.o
                0x0000000083f08104                saveenv
 .text.saveenv2
                0x0000000083f082b0      0x1b0 common/libcommon.o
                0x0000000083f082b0                saveenv2
 .text.env_relocate_spec
                0x0000000083f08460       0xd4 common/libcommon.o
                0x0000000083f08460                env_relocate_spec
 .text.env_relocate_spec2
                0x0000000083f08534       0xd8 common/libcommon.o
                0x0000000083f08534                env_relocate_spec2
 .text.env_init
                0x0000000083f0860c       0x30 common/libcommon.o
                0x0000000083f0860c                env_init
 .text.dummy    0x0000000083f0863c        0x8 common/libcommon.o
 .text.get_version
                0x0000000083f08644        0x8 common/libcommon.o
                0x0000000083f08644                get_version
 .text.jumptable_init
                0x0000000083f0864c      0x1a4 common/libcommon.o
                0x0000000083f0864c                jumptable_init
 .text.image_check_hcrc
                0x0000000083f087f0       0x50 common/libcommon.o
                0x0000000083f087f0                image_check_hcrc
 .text.image_check_dcrc
                0x0000000083f08840       0x40 common/libcommon.o
                0x0000000083f08840                image_check_dcrc
 .text.image_multi_count
                0x0000000083f08880       0x28 common/libcommon.o
                0x0000000083f08880                image_multi_count
 .text.image_multi_getimg
                0x0000000083f088a8       0xb4 common/libcommon.o
                0x0000000083f088a8                image_multi_getimg
 .text.getenv_yesno
                0x0000000083f0895c       0x30 common/libcommon.o
                0x0000000083f0895c                getenv_yesno
 .text.memmove_wd
                0x0000000083f0898c       0x18 common/libcommon.o
                0x0000000083f0898c                memmove_wd
 .text.genimg_print_size
                0x0000000083f089a4       0x40 common/libcommon.o
                0x0000000083f089a4                genimg_print_size
 .text.image_print_contents
                0x0000000083f089e4       0xf0 common/libcommon.o
                0x0000000083f089e4                image_print_contents
 .text.get_table_entry_name
                0x0000000083f08ad4       0x24 common/libcommon.o
                0x0000000083f08ad4                get_table_entry_name
 .text.genimg_get_os_name
                0x0000000083f08af8       0x1c common/libcommon.o
                0x0000000083f08af8                genimg_get_os_name
 .text.genimg_get_arch_name
                0x0000000083f08b14       0x1c common/libcommon.o
                0x0000000083f08b14                genimg_get_arch_name
 .text.genimg_get_type_name
                0x0000000083f08b30       0x1c common/libcommon.o
                0x0000000083f08b30                genimg_get_type_name
 .text.genimg_get_format
                0x0000000083f08b4c        0x8 common/libcommon.o
                0x0000000083f08b4c                genimg_get_format
 .text.genimg_get_image
                0x0000000083f08b54        0x8 common/libcommon.o
                0x0000000083f08b54                genimg_get_image
 .text.boot_get_ramdisk
                0x0000000083f08b5c      0x200 common/libcommon.o
                0x0000000083f08b5c                boot_get_ramdisk
 .text.delete_char.part.0
                0x0000000083f08d5c      0x124 common/libcommon.o
 .text.cread_add_char
                0x0000000083f08e80      0x130 common/libcommon.o
 .text.__show_boot_progress
                0x0000000083f08fb0        0x8 common/libcommon.o
                0x0000000083f08fb0                __show_boot_progress
                0x0000000083f08fb0                show_boot_progress
 .text.readline_into_buffer
                0x0000000083f08fb8      0x98c common/libcommon.o
                0x0000000083f08fb8                readline_into_buffer
 .text.readline
                0x0000000083f09944       0x14 common/libcommon.o
                0x0000000083f09944                readline
 .text.parse_line
                0x0000000083f09958       0xb4 common/libcommon.o
                0x0000000083f09958                parse_line
 .text.run_command
                0x0000000083f09a0c      0x3d4 common/libcommon.o
                0x0000000083f09a0c                run_command
 .text.main_loop
                0x0000000083f09de0      0x168 common/libcommon.o
                0x0000000083f09de0                main_loop
 .text.do_run   0x0000000083f09f48       0xc4 common/libcommon.o
                0x0000000083f09f48                do_run
 .text.hex1_bin
                0x0000000083f0a00c       0x44 common/libcommon.o
 .text.hex2_bin
                0x0000000083f0a050       0x54 common/libcommon.o
 .text.srec_decode
                0x0000000083f0a0a4      0x268 common/libcommon.o
                0x0000000083f0a0a4                srec_decode
 .text.stdio_get_list
                0x0000000083f0a30c        0xc common/libcommon.o
                0x0000000083f0a30c                stdio_get_list
 .text.stdio_get_by_name
                0x0000000083f0a318       0x74 common/libcommon.o
                0x0000000083f0a318                stdio_get_by_name
 .text.stdio_clone
                0x0000000083f0a38c       0x6c common/libcommon.o
                0x0000000083f0a38c                stdio_clone
 .text.stdio_register
                0x0000000083f0a3f8       0x54 common/libcommon.o
                0x0000000083f0a3f8                stdio_register
 .text.stdio_init
                0x0000000083f0a44c       0x94 common/libcommon.o
                0x0000000083f0a44c                stdio_init
 .text.CYGACC_COMM_IF_GETC_TIMEOUT
                0x0000000083f0a4e0       0x78 common/libcommon.o
                0x0000000083f0a4e0                CYGACC_COMM_IF_GETC_TIMEOUT
 .text.xyzModem_flush
                0x0000000083f0a558       0x38 common/libcommon.o
 .text.xyzModem_get_hdr
                0x0000000083f0a590      0x2c4 common/libcommon.o
 .text.parse_num
                0x0000000083f0a854      0x12c common/libcommon.o
                0x0000000083f0a854                parse_num
 .text.xyzModem_stream_open
                0x0000000083f0a980      0x1a8 common/libcommon.o
                0x0000000083f0a980                xyzModem_stream_open
 .text.xyzModem_stream_read
                0x0000000083f0ab28      0x2c0 common/libcommon.o
                0x0000000083f0ab28                xyzModem_stream_read
 .text.xyzModem_stream_close
                0x0000000083f0ade8       0x5c common/libcommon.o
                0x0000000083f0ade8                xyzModem_stream_close
 .text.xyzModem_stream_terminate
                0x0000000083f0ae44       0xb8 common/libcommon.o
                0x0000000083f0ae44                xyzModem_stream_terminate
 .text.xyzModem_error
                0x0000000083f0aefc       0x30 common/libcommon.o
                0x0000000083f0aefc                xyzModem_error
 .text.sbrk     0x0000000083f0af2c       0x88 common/libcommon.o
                0x0000000083f0af2c                sbrk
 .text.mem_malloc_init
                0x0000000083f0afb4       0x28 common/libcommon.o
                0x0000000083f0afb4                mem_malloc_init
 .text.malloc_trim
                0x0000000083f0afdc      0x100 common/libcommon.o
                0x0000000083f0afdc                malloc_trim
 .text.free     0x0000000083f0b0dc      0x24c common/libcommon.o
                0x0000000083f0b0dc                free
 .text.malloc   0x0000000083f0b328      0x734 common/libcommon.o
                0x0000000083f0b328                malloc
 .text.calloc   0x0000000083f0ba5c      0x100 common/libcommon.o
                0x0000000083f0ba5c                calloc
 .text.cyg_crc16
                0x0000000083f0bb5c       0x50 lib/libgeneric.o
                0x0000000083f0bb5c                cyg_crc16
 .text.crc32_no_comp
                0x0000000083f0bbac      0x138 lib/libgeneric.o
                0x0000000083f0bbac                crc32_no_comp
 .text.crc32    0x0000000083f0bce4       0x20 lib/libgeneric.o
                0x0000000083f0bce4                crc32
 .text.crc32_wd
                0x0000000083f0bd04        0x8 lib/libgeneric.o
                0x0000000083f0bd04                crc32_wd
 .text.print_size
                0x0000000083f0bd0c      0x1b8 lib/libgeneric.o
                0x0000000083f0bd0c                print_size
 .text.print_buffer
                0x0000000083f0bec4      0x204 lib/libgeneric.o
                0x0000000083f0bec4                print_buffer
 .text.zalloc   0x0000000083f0c0c8       0x18 lib/libgeneric.o
                0x0000000083f0c0c8                zalloc
 .text.zfree    0x0000000083f0c0e0        0xc lib/libgeneric.o
                0x0000000083f0c0e0                zfree
 .text.zunzip   0x0000000083f0c0ec      0x140 lib/libgeneric.o
                0x0000000083f0c0ec                zunzip
 .text.gunzip   0x0000000083f0c22c       0xc4 lib/libgeneric.o
                0x0000000083f0c22c                gunzip
 .text.cmpkey   0x0000000083f0c2f0       0x18 lib/libgeneric.o
 .text.hcreate_r
                0x0000000083f0c308       0xac lib/libgeneric.o
                0x0000000083f0c308                hcreate_r
 .text.hdestroy_r
                0x0000000083f0c3b4       0x9c lib/libgeneric.o
                0x0000000083f0c3b4                hdestroy_r
 .text.hsearch_r
                0x0000000083f0c450      0x294 lib/libgeneric.o
                0x0000000083f0c450                hsearch_r
 .text.hdelete_r
                0x0000000083f0c6e4       0x9c lib/libgeneric.o
                0x0000000083f0c6e4                hdelete_r
 .text.hexport_r
                0x0000000083f0c780      0x2d0 lib/libgeneric.o
                0x0000000083f0c780                hexport_r
 .text.himport_r
                0x0000000083f0ca50      0x290 lib/libgeneric.o
                0x0000000083f0ca50                himport_r
 .text.string_to_ip
                0x0000000083f0cce0       0x94 lib/libgeneric.o
                0x0000000083f0cce0                string_to_ip
 .text.qsort    0x0000000083f0cd74      0x158 lib/libgeneric.o
                0x0000000083f0cd74                qsort
 .text.__div64_32
                0x0000000083f0cecc      0x114 lib/libgeneric.o
                0x0000000083f0cecc                __div64_32
 .text.strcpy   0x0000000083f0cfe0       0x24 lib/libgeneric.o
                0x0000000083f0cfe0                strcpy
 .text.strncpy  0x0000000083f0d004       0x2c lib/libgeneric.o
                0x0000000083f0d004                strncpy
 .text.strcmp   0x0000000083f0d030       0x2c lib/libgeneric.o
                0x0000000083f0d030                strcmp
 .text.strncmp  0x0000000083f0d05c       0x3c lib/libgeneric.o
                0x0000000083f0d05c                strncmp
 .text.strchr   0x0000000083f0d098       0x30 lib/libgeneric.o
                0x0000000083f0d098                strchr
 .text.strlen   0x0000000083f0d0c8       0x20 lib/libgeneric.o
                0x0000000083f0d0c8                strlen
 .text.strnlen  0x0000000083f0d0e8       0x28 lib/libgeneric.o
                0x0000000083f0d0e8                strnlen
 .text.strdup   0x0000000083f0d110       0x5c lib/libgeneric.o
                0x0000000083f0d110                strdup
 .text.memset   0x0000000083f0d16c       0x7c lib/libgeneric.o
                0x0000000083f0d16c                memset
 .text.memcpy   0x0000000083f0d1e8       0x7c lib/libgeneric.o
                0x0000000083f0d1e8                memcpy
 .text.memmove  0x0000000083f0d264       0x74 lib/libgeneric.o
                0x0000000083f0d264                memmove
 .text.memcmp   0x0000000083f0d2d8       0x30 lib/libgeneric.o
                0x0000000083f0d2d8                memcmp
 .text.memchr   0x0000000083f0d308       0x34 lib/libgeneric.o
                0x0000000083f0d308                memchr
 .text.udelay   0x0000000083f0d33c       0x68 lib/libgeneric.o
                0x0000000083f0d33c                udelay
 .text.mdelay   0x0000000083f0d3a4       0x34 lib/libgeneric.o
                0x0000000083f0d3a4                mdelay
 .text.put_dec_trunc
                0x0000000083f0d3d8      0x100 lib/libgeneric.o
 .text.string   0x0000000083f0d4d8       0xd8 lib/libgeneric.o
 .text.put_dec  0x0000000083f0d5b0      0x158 lib/libgeneric.o
 .text.number   0x0000000083f0d708      0x31c lib/libgeneric.o
 .text.simple_strtoul
                0x0000000083f0da24       0xdc lib/libgeneric.o
                0x0000000083f0da24                simple_strtoul
 .text.strict_strtoul
                0x0000000083f0db00       0xa0 lib/libgeneric.o
                0x0000000083f0db00                strict_strtoul
 .text.simple_strtol
                0x0000000083f0dba0       0x38 lib/libgeneric.o
                0x0000000083f0dba0                simple_strtol
 .text.vsprintf
                0x0000000083f0dbd8      0x744 lib/libgeneric.o
                0x0000000083f0dbd8                vsprintf
 .text.sprintf  0x0000000083f0e31c       0x28 lib/libgeneric.o
                0x0000000083f0e31c                sprintf
 .text.simple_itoa
                0x0000000083f0e344       0x44 lib/libgeneric.o
                0x0000000083f0e344                simple_itoa
 .text.LzmaDec_WriteRem
                0x0000000083f0e388       0xa0 lib/lzma/liblzma.o
 .text.LzmaDec_DecodeReal2
                0x0000000083f0e428      0xe94 lib/lzma/liblzma.o
 .text.LzmaDec_TryDummy
                0x0000000083f0f2bc      0x6fc lib/lzma/liblzma.o
 .text.LzmaDec_Init
                0x0000000083f0f9b8       0x24 lib/lzma/liblzma.o
                0x0000000083f0f9b8                LzmaDec_Init
 .text.LzmaDec_DecodeToDic
                0x0000000083f0f9dc      0x398 lib/lzma/liblzma.o
                0x0000000083f0f9dc                LzmaDec_DecodeToDic
 .text.LzmaDec_FreeProbs
                0x0000000083f0fd74       0x34 lib/lzma/liblzma.o
                0x0000000083f0fd74                LzmaDec_FreeProbs
 .text.LzmaDec_AllocateProbs2
                0x0000000083f0fda8       0x90 lib/lzma/liblzma.o
 .text.LzmaProps_Decode
                0x0000000083f0fe38       0x94 lib/lzma/liblzma.o
                0x0000000083f0fe38                LzmaProps_Decode
 .text.LzmaDec_AllocateProbs
                0x0000000083f0fecc       0x70 lib/lzma/liblzma.o
                0x0000000083f0fecc                LzmaDec_AllocateProbs
 .text.LzmaDecode
                0x0000000083f0ff3c      0x118 lib/lzma/liblzma.o
                0x0000000083f0ff3c                LzmaDecode
 .text.SzFree   0x0000000083f10054        0xc lib/lzma/liblzma.o
 .text.SzAlloc  0x0000000083f10060        0xc lib/lzma/liblzma.o
 .text.lzmaBuffToBuffDecompress
                0x0000000083f1006c      0x104 lib/lzma/liblzma.o
                0x0000000083f1006c                lzmaBuffToBuffDecompress
 .text.zcalloc  0x0000000083f10170        0xc lib/zlib/libz.o
                0x0000000083f10170                zcalloc
 .text.zcfree   0x0000000083f1017c        0xc lib/zlib/libz.o
                0x0000000083f1017c                zcfree
 .text.inflate_fast
                0x0000000083f10188      0x59c lib/zlib/libz.o
                0x0000000083f10188                inflate_fast
 .text.inflate_table
                0x0000000083f10724      0x4fc lib/zlib/libz.o
                0x0000000083f10724                inflate_table
 .text.inflateReset
                0x0000000083f10c20       0x78 lib/zlib/libz.o
                0x0000000083f10c20                inflateReset
 .text.inflateInit2_
                0x0000000083f10c98      0x124 lib/zlib/libz.o
                0x0000000083f10c98                inflateInit2_
 .text.inflateEnd
                0x0000000083f10dbc       0x78 lib/zlib/libz.o
                0x0000000083f10dbc                inflateEnd
 .text.adler32  0x0000000083f10e34      0x300 lib/zlib/libz.o
                0x0000000083f10e34                adler32
 .text.inflate  0x0000000083f11134     0x161c lib/zlib/libz.o
                0x0000000083f11134                inflate
 .text.BootpHandler
                0x0000000083f12750      0x3c4 net/libnet.o
 .text.BootpRequest
                0x0000000083f12b14      0x244 net/libnet.o
                0x0000000083f12b14                BootpRequest
 .text.BootpTimeout
                0x0000000083f12d58       0x4c net/libnet.o
 .text.__def_eth_init
                0x0000000083f12da4        0x8 net/libnet.o
                0x0000000083f12da4                cpu_eth_init
                0x0000000083f12da4                board_eth_init
 .text.eth_current_changed
                0x0000000083f12dac       0x98 net/libnet.o
 .text.eth_parse_enetaddr
                0x0000000083f12e44       0x88 net/libnet.o
                0x0000000083f12e44                eth_parse_enetaddr
 .text.eth_getenv_enetaddr
                0x0000000083f12ecc       0x70 net/libnet.o
                0x0000000083f12ecc                eth_getenv_enetaddr
 .text.eth_getenv_enetaddr_by_index
                0x0000000083f12f3c       0x58 net/libnet.o
                0x0000000083f12f3c                eth_getenv_enetaddr_by_index
 .text.eth_get_dev
                0x0000000083f12f94        0xc net/libnet.o
                0x0000000083f12f94                eth_get_dev
 .text.eth_get_dev_index
                0x0000000083f12fa0       0x40 net/libnet.o
                0x0000000083f12fa0                eth_get_dev_index
 .text.eth_write_hwaddr
                0x0000000083f12fe0      0x188 net/libnet.o
                0x0000000083f12fe0                eth_write_hwaddr
 .text.eth_register
                0x0000000083f13168       0x78 net/libnet.o
                0x0000000083f13168                eth_register
 .text.eth_initialize
                0x0000000083f131e0      0x198 net/libnet.o
                0x0000000083f131e0                eth_initialize
 .text.eth_halt
                0x0000000083f13378       0x44 net/libnet.o
                0x0000000083f13378                eth_halt
 .text.eth_send
                0x0000000083f133bc       0x2c net/libnet.o
                0x0000000083f133bc                eth_send
 .text.eth_rx   0x0000000083f133e8       0x24 net/libnet.o
                0x0000000083f133e8                eth_rx
 .text.eth_try_another
                0x0000000083f1340c       0xac net/libnet.o
                0x0000000083f1340c                eth_try_another
 .text.eth_init
                0x0000000083f134b8      0x104 net/libnet.o
                0x0000000083f134b8                eth_init
 .text.eth_set_current
                0x0000000083f135bc       0xd0 net/libnet.o
                0x0000000083f135bc                eth_set_current
 .text.eth_get_name
                0x0000000083f1368c       0x20 net/libnet.o
                0x0000000083f1368c                eth_get_name
 .text.startAgainTimeout
                0x0000000083f136ac       0x10 net/libnet.o
 .text.startAgainHandler
                0x0000000083f136bc        0x8 net/libnet.o
 .text.PingHandler
                0x0000000083f136c4       0x20 net/libnet.o
 .text.NetCopyIP
                0x0000000083f136e4        0xc net/libnet.o
 .text.PingTimeout
                0x0000000083f136f0       0x28 net/libnet.o
 .text.getenv_IPaddr
                0x0000000083f13718       0x20 net/libnet.o
 .text.net_auto_load
                0x0000000083f13738       0x4c net/libnet.o
                0x0000000083f13738                net_auto_load
 .text.NetStartAgain
                0x0000000083f13784      0x150 net/libnet.o
                0x0000000083f13784                NetStartAgain
 .text.NetSetHandler
                0x0000000083f138d4        0xc net/libnet.o
                0x0000000083f138d4                NetSetHandler
 .text.NetSetTimeout
                0x0000000083f138e0       0x4c net/libnet.o
                0x0000000083f138e0                NetSetTimeout
 .text.NetSendPacket
                0x0000000083f1392c        0x8 net/libnet.o
                0x0000000083f1392c                NetSendPacket
 .text.NetCksum
                0x0000000083f13934       0x38 net/libnet.o
                0x0000000083f13934                NetCksum
 .text.NetCksumOk
                0x0000000083f1396c       0x28 net/libnet.o
                0x0000000083f1396c                NetCksumOk
 .text.NetEthHdrSize
                0x0000000083f13994       0x2c net/libnet.o
                0x0000000083f13994                NetEthHdrSize
 .text.NetSetEther
                0x0000000083f139c0       0x94 net/libnet.o
                0x0000000083f139c0                NetSetEther
 .text.ArpRequest
                0x0000000083f13a54      0x12c net/libnet.o
                0x0000000083f13a54                ArpRequest
 .text.ArpTimeoutCheck
                0x0000000083f13b80       0x98 net/libnet.o
                0x0000000083f13b80                ArpTimeoutCheck
 .text.PingSend
                0x0000000083f13c18      0x16c net/libnet.o
                0x0000000083f13c18                PingSend
 .text.NetReceive
                0x0000000083f13d84      0x4b0 net/libnet.o
                0x0000000083f13d84                NetReceive
 .text.NetSetIP
                0x0000000083f14234       0xe8 net/libnet.o
                0x0000000083f14234                NetSetIP
 .text.NetSendUDPPacket
                0x0000000083f1431c      0x194 net/libnet.o
                0x0000000083f1431c                NetSendUDPPacket
 .text.copy_filename
                0x0000000083f144b0       0x4c net/libnet.o
                0x0000000083f144b0                copy_filename
 .text.ip_to_string
                0x0000000083f144fc       0x40 net/libnet.o
                0x0000000083f144fc                ip_to_string
 .text.string_to_VLAN
                0x0000000083f1453c       0x54 net/libnet.o
                0x0000000083f1453c                string_to_VLAN
 .text.getenv_VLAN
                0x0000000083f14590       0x20 net/libnet.o
                0x0000000083f14590                getenv_VLAN
 .text.NetLoop  0x0000000083f145b0      0x4e4 net/libnet.o
                0x0000000083f145b0                NetLoop
 .text.TftpSend
                0x0000000083f14a94      0x1cc net/libnet.o
 .text.TftpHandler
                0x0000000083f14c60      0x35c net/libnet.o
 .text.TftpTimeout
                0x0000000083f14fbc       0x8c net/libnet.o
 .text.TftpStart
                0x0000000083f15048      0x328 net/libnet.o
                0x0000000083f15048                TftpStart
 .text.sw_set_spif_div
                0x0000000083f15370       0x28 board/Realtek/rtl9300/librtl9300.o
 .text.initdram
                0x0000000083f15398       0xc0 board/Realtek/rtl9300/librtl9300.o
                0x0000000083f15398                initdram
 .text.checkboard
                0x0000000083f15458        0x8 board/Realtek/rtl9300/librtl9300.o
                0x0000000083f15458                checkboard
 .text.do_reset_all
                0x0000000083f15460       0x3c board/Realtek/rtl9300/librtl9300.o
                0x0000000083f15460                do_reset_all
 .text.uboot_sdk_init
                0x0000000083f1549c       0x9c board/Realtek/rtl9300/librtl9300.o
                0x0000000083f1549c                uboot_sdk_init
 .text.misc_init_r
                0x0000000083f15538        0x8 board/Realtek/rtl9300/librtl9300.o
                0x0000000083f15538                misc_init_r
 .text.sys_envmatch
                0x0000000083f15540       0x64 board/Realtek/rtl9300/librtl9300.o
 .text.sysinfo_mem_init
                0x0000000083f155a4       0x48 board/Realtek/rtl9300/librtl9300.o
                0x0000000083f155a4                sysinfo_mem_init
 .text.do_printsys
                0x0000000083f155ec      0x244 board/Realtek/rtl9300/librtl9300.o
                0x0000000083f155ec                do_printsys
 .text._do_setsys
                0x0000000083f15830      0x244 board/Realtek/rtl9300/librtl9300.o
                0x0000000083f15830                _do_setsys
 .text.do_setsys
                0x0000000083f15a74       0x44 board/Realtek/rtl9300/librtl9300.o
                0x0000000083f15a74                do_setsys
 .text.savesys  0x0000000083f15ab8       0xfc board/Realtek/rtl9300/librtl9300.o
                0x0000000083f15ab8                savesys
 .text.do_savesys
                0x0000000083f15bb4        0x8 board/Realtek/rtl9300/librtl9300.o
                0x0000000083f15bb4                do_savesys
 .text._tftpDownloadFile
                0x0000000083f15bbc       0xec board/Realtek/rtl9300/librtl9300.o
 .text._write2flash
                0x0000000083f15ca8      0x1d0 board/Realtek/rtl9300/librtl9300.o
 .text.sdk_get_paritition_info
                0x0000000083f15e78      0x13c board/Realtek/rtl9300/librtl9300.o
                0x0000000083f15e78                sdk_get_paritition_info
 .text.flash_partition_size_ret
                0x0000000083f15fb4       0x2c board/Realtek/rtl9300/librtl9300.o
                0x0000000083f15fb4                flash_partition_size_ret
 .text._loaderCheck.constprop.3
                0x0000000083f15fe0      0x1e8 board/Realtek/rtl9300/librtl9300.o
 .text.flash_partition_addr_ret
                0x0000000083f161c8       0x2c board/Realtek/rtl9300/librtl9300.o
                0x0000000083f161c8                flash_partition_addr_ret
 .text.upgrade_loader
                0x0000000083f161f4       0xe4 board/Realtek/rtl9300/librtl9300.o
                0x0000000083f161f4                upgrade_loader
 .text.upgrade_runtime
                0x0000000083f162d8      0x1cc board/Realtek/rtl9300/librtl9300.o
                0x0000000083f162d8                upgrade_runtime
 .text.upgrade_rom
                0x0000000083f164a4      0x2bc board/Realtek/rtl9300/librtl9300.o
                0x0000000083f164a4                upgrade_rom
 .text.do_upgrade
                0x0000000083f16760      0x2bc board/Realtek/rtl9300/librtl9300.o
                0x0000000083f16760                do_upgrade
 .text.do_partshow
                0x0000000083f16a1c      0x110 board/Realtek/rtl9300/librtl9300.o
                0x0000000083f16a1c                do_partshow
 .text.do_parterase
                0x0000000083f16b2c      0x118 board/Realtek/rtl9300/librtl9300.o
                0x0000000083f16b2c                do_parterase
 .text.do_rtk   0x0000000083f16c44      0xff8 board/Realtek/rtl9300/librtl9300.o
                0x0000000083f16c44                do_rtk
 .text.rtk_network_on
                0x0000000083f17c3c      0x144 board/Realtek/rtl9300/librtl9300.o
                0x0000000083f17c3c                rtk_network_on
 .text.rtk_network_off
                0x0000000083f17d80       0xc8 board/Realtek/rtl9300/librtl9300.o
                0x0000000083f17d80                rtk_network_off
 .text.rtk_hwProfileList_show
                0x0000000083f17e48        0x8 board/Realtek/rtl9300/librtl9300.o
                0x0000000083f17e48                rtk_hwProfileList_show
 .text.rtk_forcelinkDown10Gserdes
                0x0000000083f17e50      0x168 board/Realtek/rtl9300/librtl9300.o
                0x0000000083f17e50                rtk_forcelinkDown10Gserdes
 .text._rtk_comboport_media_set
                0x0000000083f17fb8      0x108 board/Realtek/rtl9300/librtl9300.o
                0x0000000083f17fb8                _rtk_comboport_media_set
 .text.rtk_comboport_fiber
                0x0000000083f180c0       0x14 board/Realtek/rtl9300/librtl9300.o
                0x0000000083f180c0                rtk_comboport_fiber
 .text.rtk_comboport_copper
                0x0000000083f180d4       0x14 board/Realtek/rtl9300/librtl9300.o
                0x0000000083f180d4                rtk_comboport_copper
 .text.rtk_saLearning
                0x0000000083f180e8      0x100 board/Realtek/rtl9300/librtl9300.o
                0x0000000083f180e8                rtk_saLearning
 .text.rtk_port_isolation_on
                0x0000000083f181e8      0x20c board/Realtek/rtl9300/librtl9300.o
                0x0000000083f181e8                rtk_port_isolation_on
 .text.rtk_port_isolation_off
                0x0000000083f183f4      0x174 board/Realtek/rtl9300/librtl9300.o
                0x0000000083f183f4                rtk_port_isolation_off
 .text.rtk_intGpio_pin_set
                0x0000000083f18568       0xac board/Realtek/rtl9300/librtl9300.o
                0x0000000083f18568                rtk_intGpio_pin_set
 .text.rtk_intGpio_pin_get
                0x0000000083f18614       0xac board/Realtek/rtl9300/librtl9300.o
                0x0000000083f18614                rtk_intGpio_pin_get
 .text.rtk_extGpio_device_init
                0x0000000083f186c0       0x98 board/Realtek/rtl9300/librtl9300.o
                0x0000000083f186c0                rtk_extGpio_device_init
 .text.rtk_extGpio_pin_set
                0x0000000083f18758       0x90 board/Realtek/rtl9300/librtl9300.o
                0x0000000083f18758                rtk_extGpio_pin_set
 .text.rtk_extGpio_pin_get
                0x0000000083f187e8       0x90 board/Realtek/rtl9300/librtl9300.o
                0x0000000083f187e8                rtk_extGpio_pin_get
 .text.rtk_swled_init
                0x0000000083f18878      0x108 board/Realtek/rtl9300/librtl9300.o
                0x0000000083f18878                rtk_swled_init
 .text.rtk_swled_out
                0x0000000083f18980      0x1e8 board/Realtek/rtl9300/librtl9300.o
                0x0000000083f18980                rtk_swled_out
 .text.rtk_swled_uninit
                0x0000000083f18b68      0x100 board/Realtek/rtl9300/librtl9300.o
                0x0000000083f18b68                rtk_swled_uninit
 .text.rtk_swledtest_on
                0x0000000083f18c68      0x1c0 board/Realtek/rtl9300/librtl9300.o
                0x0000000083f18c68                rtk_swledtest_on
 .text.rtk_ledTest_run
                0x0000000083f18e28      0x39c board/Realtek/rtl9300/librtl9300.o
                0x0000000083f18e28                rtk_ledTest_run
 .text.rtk_phyreg_get
                0x0000000083f191c4       0xfc board/Realtek/rtl9300/librtl9300.o
                0x0000000083f191c4                rtk_phyreg_get
 .text.rtk_phyreg_set
                0x0000000083f192c0      0x11c board/Realtek/rtl9300/librtl9300.o
                0x0000000083f192c0                rtk_phyreg_set
 .text.rtk_phymmd_get
                0x0000000083f193dc       0xc0 board/Realtek/rtl9300/librtl9300.o
                0x0000000083f193dc                rtk_phymmd_get
 .text.rtk_phymmd_set
                0x0000000083f1949c       0xd0 board/Realtek/rtl9300/librtl9300.o
                0x0000000083f1949c                rtk_phymmd_set
 .text.rtk_sdsreg_get
                0x0000000083f1956c       0xc0 board/Realtek/rtl9300/librtl9300.o
                0x0000000083f1956c                rtk_sdsreg_get
 .text.rtk_sdsreg_set
                0x0000000083f1962c       0xd0 board/Realtek/rtl9300/librtl9300.o
                0x0000000083f1962c                rtk_sdsreg_set
 .text.rtk_phyreg_portmask_set
                0x0000000083f196fc      0x1b8 board/Realtek/rtl9300/librtl9300.o
                0x0000000083f196fc                rtk_phyreg_portmask_set
 .text.rtk_phyreg_dump_top
                0x0000000083f198b4        0x8 board/Realtek/rtl9300/librtl9300.o
                0x0000000083f198b4                rtk_phyreg_dump_top
 .text.rtk_phy_testmode
                0x0000000083f198bc      0x128 board/Realtek/rtl9300/librtl9300.o
                0x0000000083f198bc                rtk_phy_testmode
 .text.rtk_i2c_sw_init
                0x0000000083f199e4      0x2a8 board/Realtek/rtl9300/librtl9300.o
                0x0000000083f199e4                rtk_i2c_sw_init
 .text.rtk_i2c_hw_init
                0x0000000083f19c8c      0x110 board/Realtek/rtl9300/librtl9300.o
                0x0000000083f19c8c                rtk_i2c_hw_init
 .text.rtk_i2c_read
                0x0000000083f19d9c       0x60 board/Realtek/rtl9300/librtl9300.o
                0x0000000083f19d9c                rtk_i2c_read
 .text.rtk_i2c_write
                0x0000000083f19dfc       0x68 board/Realtek/rtl9300/librtl9300.o
                0x0000000083f19dfc                rtk_i2c_write
 .text.rtk_boardId_get
                0x0000000083f19e64       0x34 board/Realtek/rtl9300/librtl9300.o
                0x0000000083f19e64                rtk_boardId_get
 .text.rtk_boardId_set
                0x0000000083f19e98       0x54 board/Realtek/rtl9300/librtl9300.o
                0x0000000083f19e98                rtk_boardId_set
 .text.rtk_boardModel_get
                0x0000000083f19eec       0x34 board/Realtek/rtl9300/librtl9300.o
                0x0000000083f19eec                rtk_boardModel_get
 .text.rtk_boardModel_set
                0x0000000083f19f20       0x30 board/Realtek/rtl9300/librtl9300.o
                0x0000000083f19f20                rtk_boardModel_set
 .text._rtk_10gMedia_set
                0x0000000083f19f50       0xa0 board/Realtek/rtl9300/librtl9300.o
                0x0000000083f19f50                _rtk_10gMedia_set
 .text.rtk_10gMedia_none_set
                0x0000000083f19ff0        0xc board/Realtek/rtl9300/librtl9300.o
                0x0000000083f19ff0                rtk_10gMedia_none_set
 .text.rtk_10gMedia_fiber10g_set
                0x0000000083f19ffc        0xc board/Realtek/rtl9300/librtl9300.o
                0x0000000083f19ffc                rtk_10gMedia_fiber10g_set
 .text.rtk_10gMedia_fiber1g_set
                0x0000000083f1a008        0xc board/Realtek/rtl9300/librtl9300.o
                0x0000000083f1a008                rtk_10gMedia_fiber1g_set
 .text.rtk_10gMedia_dac50cm_set
                0x0000000083f1a014        0xc board/Realtek/rtl9300/librtl9300.o
                0x0000000083f1a014                rtk_10gMedia_dac50cm_set
 .text.rtk_10gMedia_dac100cm_set
                0x0000000083f1a020        0xc board/Realtek/rtl9300/librtl9300.o
                0x0000000083f1a020                rtk_10gMedia_dac100cm_set
 .text.rtk_10gMedia_dac300cm_set
                0x0000000083f1a02c        0xc board/Realtek/rtl9300/librtl9300.o
                0x0000000083f1a02c                rtk_10gMedia_dac300cm_set
 .text.rtk_mac_sdsMode_set
                0x0000000083f1a038       0xc8 board/Realtek/rtl9300/librtl9300.o
                0x0000000083f1a038                rtk_mac_sdsMode_set
 .text.rtcore_init
                0x0000000083f1a100      0x284 board/Realtek/rtl9300/librtl9300.o
                0x0000000083f1a100                rtcore_init
 .text._hwp_portCount_add
                0x0000000083f1a384       0x34 board/Realtek/rtl9300/librtl9300.o
 .text._hwp_portMaskAll_default
                0x0000000083f1a3b8       0xc0 board/Realtek/rtl9300/librtl9300.o
 .text._hwp_parsedInfo_default
                0x0000000083f1a478      0x1f8 board/Realtek/rtl9300/librtl9300.o
                0x0000000083f1a478                _hwp_parsedInfo_default
 .text._hwp_chip_parse
                0x0000000083f1a670      0x440 board/Realtek/rtl9300/librtl9300.o
                0x0000000083f1a670                _hwp_chip_parse
 .text._hwp_port_parse
                0x0000000083f1aab0      0x98c board/Realtek/rtl9300/librtl9300.o
                0x0000000083f1aab0                _hwp_port_parse
 .text._hwp_serdes_parse
                0x0000000083f1b43c      0x3b4 board/Realtek/rtl9300/librtl9300.o
                0x0000000083f1b43c                _hwp_serdes_parse
 .text._hwp_led_parse
                0x0000000083f1b7f0      0x2bc board/Realtek/rtl9300/librtl9300.o
                0x0000000083f1b7f0                _hwp_led_parse
 .text._hwp_cascade_parse
                0x0000000083f1baac       0xa4 board/Realtek/rtl9300/librtl9300.o
                0x0000000083f1baac                _hwp_cascade_parse
 .text._hwp_info_parse
                0x0000000083f1bb50       0x6c board/Realtek/rtl9300/librtl9300.o
                0x0000000083f1bb50                _hwp_info_parse
 .text.hwp_parsedInfo_buildup
                0x0000000083f1bbbc       0xbc board/Realtek/rtl9300/librtl9300.o
                0x0000000083f1bbbc                hwp_parsedInfo_buildup
 .text.hwp_unit_attach
                0x0000000083f1bc78       0xf0 board/Realtek/rtl9300/librtl9300.o
                0x0000000083f1bc78                hwp_unit_attach
 .text.hwp_init_sys
                0x0000000083f1bd68      0x248 board/Realtek/rtl9300/librtl9300.o
                0x0000000083f1bd68                hwp_init_sys
 .text.hwp_init
                0x0000000083f1bfb0       0x94 board/Realtek/rtl9300/librtl9300.o
                0x0000000083f1bfb0                hwp_init
 .text.hwp_profilePhy_del
                0x0000000083f1c044      0x164 board/Realtek/rtl9300/librtl9300.o
                0x0000000083f1c044                hwp_profilePhy_del
 .text.hwp_profilePhy_update
                0x0000000083f1c1a8       0x84 board/Realtek/rtl9300/librtl9300.o
                0x0000000083f1c1a8                hwp_profilePhy_update
 .text.hwp_portmaskAttriValid_Chk
                0x0000000083f1c22c      0x188 board/Realtek/rtl9300/librtl9300.o
                0x0000000083f1c22c                hwp_portmaskAttriValid_Chk
 .text.hwp_portmaskValid_Chk
                0x0000000083f1c3b4       0x58 board/Realtek/rtl9300/librtl9300.o
                0x0000000083f1c3b4                hwp_portmaskValid_Chk
 .text._hwp_portInUplink_check
                0x0000000083f1c40c       0x38 board/Realtek/rtl9300/librtl9300.o
                0x0000000083f1c40c                _hwp_portInUplink_check
 .text.hwp_multiSdsPortLaneNum_get
                0x0000000083f1c444       0x88 board/Realtek/rtl9300/librtl9300.o
                0x0000000083f1c444                hwp_multiSdsPortLaneNum_get
 .text.hwp_get_port_by_baseport_offset
                0x0000000083f1c4cc       0xd4 board/Realtek/rtl9300/librtl9300.o
                0x0000000083f1c4cc                hwp_get_port_by_baseport_offset
 .text.hwp_get_offset_by_baseport_port
                0x0000000083f1c5a0       0xd0 board/Realtek/rtl9300/librtl9300.o
                0x0000000083f1c5a0                hwp_get_offset_by_baseport_port
 .text.hwp_forcedProfile_get
                0x0000000083f1c670       0x9c board/Realtek/rtl9300/librtl9300.o
                0x0000000083f1c670                hwp_forcedProfile_get
 .text.hwp_identifier_cmp
                0x0000000083f1c70c       0x7c board/Realtek/rtl9300/librtl9300.o
                0x0000000083f1c70c                hwp_identifier_cmp
 .text.hwp_chipInfo_update
                0x0000000083f1c788       0xc0 board/Realtek/rtl9300/librtl9300.o
                0x0000000083f1c788                hwp_chipInfo_update
 .text.hwp_profileList_show
                0x0000000083f1c848       0xa8 board/Realtek/rtl9300/librtl9300.o
                0x0000000083f1c848                hwp_profileList_show
 .text.hwp_probeFailure_handler
                0x0000000083f1c8f0       0x2c board/Realtek/rtl9300/librtl9300.o
                0x0000000083f1c8f0                hwp_probeFailure_handler
 .text.hwp_profile_find
                0x0000000083f1c91c       0x68 board/Realtek/rtl9300/librtl9300.o
                0x0000000083f1c91c                hwp_profile_find
 .text._hwp_hwpDatabaseDefault_init
                0x0000000083f1c984       0x54 board/Realtek/rtl9300/librtl9300.o
                0x0000000083f1c984                _hwp_hwpDatabaseDefault_init
 .text.hwp_probe
                0x0000000083f1c9d8      0x130 board/Realtek/rtl9300/librtl9300.o
                0x0000000083f1c9d8                hwp_probe
 .text.ioal_init_memRegion_get
                0x0000000083f1cb08       0x6c board/Realtek/rtl9300/librtl9300.o
                0x0000000083f1cb08                ioal_init_memRegion_get
 .text.ioal_init
                0x0000000083f1cb74       0x84 board/Realtek/rtl9300/librtl9300.o
                0x0000000083f1cb74                ioal_init
 .text.ioal_init_unitID_change
                0x0000000083f1cbf8       0xa4 board/Realtek/rtl9300/librtl9300.o
                0x0000000083f1cbf8                ioal_init_unitID_change
 .text.ioal_param_hwpIdKey_get
                0x0000000083f1cc9c      0x120 board/Realtek/rtl9300/librtl9300.o
                0x0000000083f1cc9c                ioal_param_hwpIdKey_get
 .text.ioal_mem32_check
                0x0000000083f1cdbc       0x40 board/Realtek/rtl9300/librtl9300.o
                0x0000000083f1cdbc                ioal_mem32_check
 .text.ioal_mem32_read
                0x0000000083f1cdfc      0x164 board/Realtek/rtl9300/librtl9300.o
                0x0000000083f1cdfc                ioal_mem32_read
 .text.ioal_mem32_write
                0x0000000083f1cf60      0x138 board/Realtek/rtl9300/librtl9300.o
                0x0000000083f1cf60                ioal_mem32_write
 .text.ioal_mem32_field_read
                0x0000000083f1d098       0x4c board/Realtek/rtl9300/librtl9300.o
                0x0000000083f1d098                ioal_mem32_field_read
 .text.ioal_mem32_field_write
                0x0000000083f1d0e4       0x80 board/Realtek/rtl9300/librtl9300.o
                0x0000000083f1d0e4                ioal_mem32_field_write
 .text.ioal_soc_mem32_read
                0x0000000083f1d164       0x4c board/Realtek/rtl9300/librtl9300.o
                0x0000000083f1d164                ioal_soc_mem32_read
 .text.ioal_soc_mem32_write
                0x0000000083f1d1b0       0x48 board/Realtek/rtl9300/librtl9300.o
                0x0000000083f1d1b0                ioal_soc_mem32_write
 .text.osal_time_usleep
                0x0000000083f1d1f8        0x8 board/Realtek/rtl9300/librtl9300.o
                0x0000000083f1d1f8                osal_time_usleep
 .text.osal_time_udelay
                0x0000000083f1d200       0x48 board/Realtek/rtl9300/librtl9300.o
                0x0000000083f1d200                osal_time_udelay
 .text.osal_time_mdelay
                0x0000000083f1d248        0x8 board/Realtek/rtl9300/librtl9300.o
                0x0000000083f1d248                osal_time_mdelay
 .text.osal_time_usecs_get
                0x0000000083f1d250       0x38 board/Realtek/rtl9300/librtl9300.o
                0x0000000083f1d250                osal_time_usecs_get
 .text.osal_alloc
                0x0000000083f1d288        0x8 board/Realtek/rtl9300/librtl9300.o
                0x0000000083f1d288                osal_alloc
 .text.osal_free
                0x0000000083f1d290        0x8 board/Realtek/rtl9300/librtl9300.o
                0x0000000083f1d290                osal_free
 .text.osal_sem_mutex_create
                0x0000000083f1d298        0x8 board/Realtek/rtl9300/librtl9300.o
                0x0000000083f1d298                osal_sem_mutex_create
 .text.osal_sem_mutex_take
                0x0000000083f1d2a0        0x8 board/Realtek/rtl9300/librtl9300.o
                0x0000000083f1d2a0                osal_sem_mutex_take
 .text.osal_sem_mutex_give
                0x0000000083f1d2a8        0x8 board/Realtek/rtl9300/librtl9300.o
                0x0000000083f1d2a8                osal_sem_mutex_give
 .text.osal_cache_memory_flush
                0x0000000083f1d2b0       0x20 board/Realtek/rtl9300/librtl9300.o
                0x0000000083f1d2b0                osal_cache_memory_flush
 .text.drv_swcore_reg32_read
                0x0000000083f1d2d0       0x10 board/Realtek/rtl9300/librtl9300.o
                0x0000000083f1d2d0                drv_swcore_reg32_read
 .text._drv_swcore_cid9300_get
                0x0000000083f1d2e0      0x1d4 board/Realtek/rtl9300/librtl9300.o
 .text.drv_swcore_earlyInit_end
                0x0000000083f1d4b4        0xc board/Realtek/rtl9300/librtl9300.o
                0x0000000083f1d4b4                drv_swcore_earlyInit_end
 .text.drv_swcore_ioalCB_register
                0x0000000083f1d4c0       0x14 board/Realtek/rtl9300/librtl9300.o
                0x0000000083f1d4c0                drv_swcore_ioalCB_register
 .text.drv_swcore_chipFamilyId_get
                0x0000000083f1d4d4       0x20 board/Realtek/rtl9300/librtl9300.o
                0x0000000083f1d4d4                drv_swcore_chipFamilyId_get
 .text.drv_swcore_cid_get
                0x0000000083f1d4f4       0x3c board/Realtek/rtl9300/librtl9300.o
                0x0000000083f1d4f4                drv_swcore_cid_get
 .text.nic_probe
                0x0000000083f1d530       0x7c board/Realtek/rtl9300/librtl9300.o
                0x0000000083f1d530                nic_probe
 .text._nic_ringInfo_get
                0x0000000083f1d5ac       0x34 board/Realtek/rtl9300/librtl9300.o
                0x0000000083f1d5ac                _nic_ringInfo_get
 .text._nic_cpuPortTxRxEnable_set
                0x0000000083f1d5e0       0x34 board/Realtek/rtl9300/librtl9300.o
                0x0000000083f1d5e0                _nic_cpuPortTxRxEnable_set
 .text._nic_intrMask_get
                0x0000000083f1d614       0x34 board/Realtek/rtl9300/librtl9300.o
                0x0000000083f1d614                _nic_intrMask_get
 .text._nic_intrMask_set
                0x0000000083f1d648       0x34 board/Realtek/rtl9300/librtl9300.o
                0x0000000083f1d648                _nic_intrMask_set
 .text._nic_intrSts_get
                0x0000000083f1d67c       0x34 board/Realtek/rtl9300/librtl9300.o
                0x0000000083f1d67c                _nic_intrSts_get
 .text._nic_intrSts_set
                0x0000000083f1d6b0       0x34 board/Realtek/rtl9300/librtl9300.o
                0x0000000083f1d6b0                _nic_intrSts_set
 .text._nic_swQueRst_get
                0x0000000083f1d6e4       0x34 board/Realtek/rtl9300/librtl9300.o
                0x0000000083f1d6e4                _nic_swQueRst_get
 .text._nic_swQueRst_set
                0x0000000083f1d718       0x34 board/Realtek/rtl9300/librtl9300.o
                0x0000000083f1d718                _nic_swQueRst_set
 .text._nic_cpuL2FloodMask_add
                0x0000000083f1d74c       0x34 board/Realtek/rtl9300/librtl9300.o
                0x0000000083f1d74c                _nic_cpuL2FloodMask_add
 .text._nic_cpuForceLinkupEnable_set
                0x0000000083f1d780       0x34 board/Realtek/rtl9300/librtl9300.o
                0x0000000083f1d780                _nic_cpuForceLinkupEnable_set
 .text._nic_holRingSize_set
                0x0000000083f1d7b4       0x34 board/Realtek/rtl9300/librtl9300.o
                0x0000000083f1d7b4                _nic_holRingSize_set
 .text._nic_ntfyBaseAddr_get
                0x0000000083f1d7e8       0x34 board/Realtek/rtl9300/librtl9300.o
                0x0000000083f1d7e8                _nic_ntfyBaseAddr_get
 .text._nic_ntfyBaseAddr_set
                0x0000000083f1d81c       0x34 board/Realtek/rtl9300/librtl9300.o
                0x0000000083f1d81c                _nic_ntfyBaseAddr_set
 .text._nic_ringBaseAddr_set
                0x0000000083f1d850       0x34 board/Realtek/rtl9300/librtl9300.o
                0x0000000083f1d850                _nic_ringBaseAddr_set
 .text._nic_ringCurAddr_get
                0x0000000083f1d884       0x34 board/Realtek/rtl9300/librtl9300.o
                0x0000000083f1d884                _nic_ringCurAddr_get
 .text._nic_isr_mbRoutine
                0x0000000083f1d8b8      0x220 board/Realtek/rtl9300/librtl9300.o
 .text._nic_rxTruncateLength_set
                0x0000000083f1dad8       0x34 board/Realtek/rtl9300/librtl9300.o
                0x0000000083f1dad8                _nic_rxTruncateLength_set
 .text._nic_nicEnable_set
                0x0000000083f1db0c       0x34 board/Realtek/rtl9300/librtl9300.o
                0x0000000083f1db0c                _nic_nicEnable_set
 .text._nic_nicTxFetch_set
                0x0000000083f1db40       0x34 board/Realtek/rtl9300/librtl9300.o
                0x0000000083f1db40                _nic_nicTxFetch_set
 .text._nic_cpuTagId_get
                0x0000000083f1db74       0x34 board/Realtek/rtl9300/librtl9300.o
                0x0000000083f1db74                _nic_cpuTagId_get
 .text._nic_supportJumboSize_get
                0x0000000083f1dba8       0x34 board/Realtek/rtl9300/librtl9300.o
                0x0000000083f1dba8                _nic_supportJumboSize_get
 .text._nic_init
                0x0000000083f1dbdc      0xbdc board/Realtek/rtl9300/librtl9300.o
 .text._nic_cpuTagFromRaw_cnvt
                0x0000000083f1e7b8       0x34 board/Realtek/rtl9300/librtl9300.o
                0x0000000083f1e7b8                _nic_cpuTagFromRaw_cnvt
 .text._nic_cpuTagToRaw_cnvt
                0x0000000083f1e7ec       0x34 board/Realtek/rtl9300/librtl9300.o
                0x0000000083f1e7ec                _nic_cpuTagToRaw_cnvt
 .text._nic_cpuTag_dump
                0x0000000083f1e820       0x34 board/Realtek/rtl9300/librtl9300.o
                0x0000000083f1e820                _nic_cpuTag_dump
 .text._nic_rawTag_dump
                0x0000000083f1e854       0x34 board/Realtek/rtl9300/librtl9300.o
                0x0000000083f1e854                _nic_rawTag_dump
 .text._nic_isr_rxRoutine
                0x0000000083f1e888      0x7b8 board/Realtek/rtl9300/librtl9300.o
                0x0000000083f1e888                _nic_isr_rxRoutine
 .text._nic_isr_txRoutine
                0x0000000083f1f040      0x19c board/Realtek/rtl9300/librtl9300.o
                0x0000000083f1f040                _nic_isr_txRoutine
 .text.drv_nic_isr_handler
                0x0000000083f1f1dc      0x150 board/Realtek/rtl9300/librtl9300.o
                0x0000000083f1f1dc                drv_nic_isr_handler
 .text._nic_pkt_tx
                0x0000000083f1f32c      0x348 board/Realtek/rtl9300/librtl9300.o
                0x0000000083f1f32c                _nic_pkt_tx
 .text.drv_nic_init
                0x0000000083f1f674       0x70 board/Realtek/rtl9300/librtl9300.o
                0x0000000083f1f674                drv_nic_init
 .text.drv_nic_pkt_tx
                0x0000000083f1f6e4       0x8c board/Realtek/rtl9300/librtl9300.o
                0x0000000083f1f6e4                drv_nic_pkt_tx
 .text.drv_nic_rx_start
                0x0000000083f1f770       0x44 board/Realtek/rtl9300/librtl9300.o
                0x0000000083f1f770                drv_nic_rx_start
 .text.drv_nic_rx_stop
                0x0000000083f1f7b4       0x44 board/Realtek/rtl9300/librtl9300.o
                0x0000000083f1f7b4                drv_nic_rx_stop
 .text.drv_nic_rx_register
                0x0000000083f1f7f8       0x88 board/Realtek/rtl9300/librtl9300.o
                0x0000000083f1f7f8                drv_nic_rx_register
 .text.swnic_recv
                0x0000000083f1f880       0x2c board/Realtek/rtl9300/librtl9300.o
                0x0000000083f1f880                swnic_recv
 .text.swnic_halt
                0x0000000083f1f8ac       0x48 board/Realtek/rtl9300/librtl9300.o
                0x0000000083f1f8ac                swnic_halt
 .text.uboot_rtnic_pkt_free
                0x0000000083f1f8f4       0x88 board/Realtek/rtl9300/librtl9300.o
                0x0000000083f1f8f4                uboot_rtnic_pkt_free
 .text.uboot_rtnic_pkt_alloc
                0x0000000083f1f97c       0xe8 board/Realtek/rtl9300/librtl9300.o
                0x0000000083f1f97c                uboot_rtnic_pkt_alloc
 .text.swnic_send
                0x0000000083f1fa64       0x9c board/Realtek/rtl9300/librtl9300.o